// Vitest Snapshot v1, https://vitest.dev/guide/snapshot.html

exports[`copyWithoutNullish > Does nothing when there are no undefined fields 1`] = `
{
  "a": "a",
  "b": "",
  "c": " ",
  "e": {},
}
`;
